.next/dev/types/validator.ts(306,31): error TS2344: Type 'typeof import("C:/Users/chena/Documents/collegevision/src/app/api/leads/[id]/ai-score/route")' does not satisfy the constraint 'RouteHandlerConfig<"/api/leads/[id]/ai-score">'.
  Types of property 'POST' are incompatible.
    Type '(request: NextRequest, { params }: { params: { id: string; }; }) => Promise<NextResponse<any>>' is not assignable to type '(request: NextRequest, context: { params: Promise<{ id: string; }>; }) => void | Response | Promise<void | Response>'.
      Types of parameters '__1' and 'context' are incompatible.
        Type '{ params: Promise<{ id: string; }>; }' is not assignable to type '{ params: { id: string; }; }'.
          Types of property 'params' are incompatible.
            Property 'id' is missing in type 'Promise<{ id: string; }>' but required in type '{ id: string; }'.
